OK         sweep_feeder
OK         sweep_motors
OK         sweep_exit
OK         sweep_towers
OK         sweep_shroud
OK         feeder_shroud
OK         sweep_shutter_closed
OK         sweep_shutter_open
OK         sweep_index
OK         motors_towers
OK         brackets_towers
OK         idler_deck
OK         idler_chute
OK         shutter_open_vs_fixed
OK         shutter_closed_vs_fixed
OK         shutter_mid_vs_fixed
OK         chute_shroud
OK         deck_shroud
OK         chute_towers
OK         deck_towers
CONTACT    shroud_towers (faces touch, 0.00 mm3)
CONTACT    index_towers (faces touch, 0.00 mm3)
CONTACT    lid_deck (faces touch, 0.00 mm3)
CONTACT    motor_mount_tower (faces touch, 0.00 mm3)
