base_cover_front           186 x  203 x    2    94.3 cm3  contact  37722 mm2  OK
base_cover_rear             33 x  203 x    2    16.7 cm3  contact   6663 mm2  OK
base_front                 193 x  210 x   45   220.3 cm3  contact  40466 mm2  OK
base_rear                   40 x  210 x   45    86.5 cm3  contact   8358 mm2  OK
chute                       90 x  115 x   54    73.8 cm3  contact   7192 mm2  OK
feeder_bushing_bracket      58 x    8 x   19     7.4 cm3  contact    375 mm2  OK
feeder_deck                106 x  142 x   61    81.9 cm3  contact  11102 mm2  OK
feeder_motor_bracket        56 x   28 x   19    19.0 cm3  contact    933 mm2  OK
gate_block                  16 x  107 x    6     7.5 cm3  contact   1225 mm2  OK
hub_spacer                  30 x   30 x    6     3.9 cm3  contact    648 mm2  OK
idler_arm                   24 x   95 x   16    13.5 cm3  contact   1742 mm2  OK
idler_wheel                 12 x   12 x    6     0.6 cm3  contact    104 mm2  OK
index_bracket               24 x   36 x    8     3.3 cm3  contact    846 mm2  OK
lid                         83 x   97 x   62    93.7 cm3  contact   7203 mm2  OK
motor_mount                 50 x   50 x   28    31.3 cm3  contact   1418 mm2  OK
roller_feed                 24 x   24 x   72    26.8 cm3  contact    444 mm2  OK
roller_nip                  13 x   13 x   72     7.8 cm3  contact    125 mm2  OK
shroud_A                    99 x  112 x  116    52.1 cm3  contact    613 mm2  OK
shroud_B                    99 x  112 x  116    59.4 cm3  contact    613 mm2  OK
shutter                     17 x   25 x   97     2.9 cm3  contact     90 mm2  OK
spring_bar                  16 x  110 x    4     7.1 cm3  contact   1777 mm2  OK
tower_L                    213 x  198 x   16   210.0 cm3  contact  17915 mm2  OK
tower_R                    213 x  198 x   16   232.5 cm3  contact  19616 mm2  OK
wheel                      155 x  155 x  104   373.4 cm3  contact  18781 mm2  OK
ALL PARTS OK
