part                       first layer   both cores    with brim
base_cover_front         146.0 x 197.0       > 5 mm       > 5 mm
base_cover_rear           73.0 x 197.0       > 5 mm       > 5 mm
base_front               153.0 x 204.0      2.50 mm      2.00 mm
base_rear                 80.0 x 204.0      2.50 mm      2.00 mm
chute                     90.0 x 115.0       > 5 mm       > 5 mm
feeder_bushing_bracket    58.0 x   8.0       > 5 mm       > 5 mm
feeder_deck               97.5 x 142.0       > 5 mm       > 5 mm
feeder_motor_bracket      56.5 x  27.5       > 5 mm       > 5 mm
gate_block                12.0 x 107.0       > 5 mm       > 5 mm
hub_spacer                30.0 x  30.0       > 5 mm       > 5 mm
idler_arm                 23.5 x  94.6       > 5 mm       > 5 mm
idler_wheel               12.0 x  12.0       > 5 mm       > 5 mm
index_bracket             24.0 x  36.0       > 5 mm       > 5 mm
lid                       83.0 x  97.0       > 5 mm       > 5 mm
motor_mount               50.3 x  50.3       > 5 mm       > 5 mm
roller_feed               24.0 x  24.0       > 5 mm       > 5 mm
roller_nip                13.0 x  13.0       > 5 mm       > 5 mm
shroud_A                  98.7 x 111.5       > 5 mm       > 5 mm
shroud_B                  98.7 x 146.6       > 5 mm       > 5 mm
shutter                   16.9 x  24.6       > 5 mm       > 5 mm
spring_bar                16.5 x 110.0       > 5 mm       > 5 mm
tower_L                  203.2 x 195.4      1.42 mm      0.92 mm
tower_R                  203.2 x 195.4      1.50 mm      1.00 mm
wheel                    155.0 x 155.0       > 5 mm       > 5 mm
ALL PARTS FIT
